Microchip MPLAB XC8 Compiler V3.00

Linker command line:

-W-3 \
  --edf=C:\Program Files\Microchip\xc8\v3.00\pic\dat\20241204225717_en.msgs \
  -cn -h+dist/default/debug\pic.X.debug.sym \
  --cmf=dist/default/debug\pic.X.debug.cmf -z -Q18F4520 \
  -oC:\Users\dennis\AppData\Local\Temp\xcAsu58.\driver_tmp_3.o \
  --defsym=__MPLAB_BUILD=1 --fixupoverflow=error \
  -Mdist/default/debug/pic.X.debug.map \
  --md=C:\Users\dennis\AppData\Local\Temp\xcAsu58.\driver_tmp_0.dat -E1 \
  -ver=XC8 Compiler -ACODE=00h-07DBFh -ACONST=00h-07DBFh \
  -ASMALLCONST=0600h-06FFhx119,07D00h-07DBFh -AMEDIUMCONST=0600h-07DBFh \
  -ACOMRAM=01h-07Fh -AABS1=00h-05F3h -ABIGRAM=01h-05F3h \
  -ARAM=080h-0FFh,0100h-01FFhx4,0500h-05F3h -ABANK0=080h-0FFh \
  -ABANK1=0100h-01FFh -ABANK2=0200h-02FFh -ABANK3=0300h-03FFh \
  -ABANK4=0400h-04FFh -ABANK5=0500h-05F3h \
  -ASFR=0F80h-0F9Bh,0F9Dh-0FD3h,0FD5h-0FDAh,0FE0h-0FE2h,0FE8h-0FEAh,0FF0h-0FFCh \
  -ABIGSFR=0F80h-0F9Bh,0F9Dh-0FD3h,0FD5h-0FDAh,0FE0h-0FE2h,0FE8h-0FEAh,0FF0h-0FFCh \
  -ACONFIG=0300000h-030000Dh -AIDLOC=0200000h-0200007h \
  -AEEDATA=0F00000h-0F000FFh -peeprom_data=EEDATA \
  -preset_vec=00h,intcode=8h,intcodelo=18h,sivt_lo,sivt_hi=CODE \
  -ppowerup=CODE,init -pramtop=0600h -psmallconst=SMALLCONST \
  -pmediumconst=MEDIUMCONST -pconst=CONST -AFARRAM=00h-00h \
  -prdata=COMRAM,nvrram=COMRAM,nvbit=COMRAM,rbss=COMRAM,rbit=COMRAM \
  -pfarbss=FARRAM,fardata=FARRAM,nvFARRAM=FARRAM \
  -pintsave_regs=BIGRAM,bigbss=BIGRAM,bigdata=BIGRAM -pbss=RAM \
  -pidata=CODE,irdata=CODE,ibigdata=CODE,ifardata=CODE -prparam=COMRAM \
  C:\Users\dennis\AppData\Local\Temp\xcAsu58.\driver_tmp_14.o \
  dist/default/debug\pic.X.debug.o 

Object code version is 3.11

Machine type is 18F4520



                Name                               Link     Load   Length Selector   Space Scale
C:\Users\dennis\AppData\Local\Temp\xcAsu58.\driver_tmp_14.o
                idloc                            200000   200000        8        0       5
                config                           300000   300000        E        0       4
                init                                 72       72        4        C       0
                reset_vec                             0        0        4        0       0
dist/default/debug\pic.X.debug.o
                intcodelo                            18       18       5A        C       0
                intcode                               8        8        6        4       0
                idloc                            200000   200000        8        0       5
                config                           300000   300000        E        0       4
                temp                                 6E       6E        1        1       1
                smallconst                          600      600       50      300       0
                text32                             13A8     13A8       24      328       0
                text31                             11B4     11B4       44      328       0
                intcode_body                       10DE     10DE       74      328       0
                text29                             1446     1446        A      328       0
                text27                             1434     1434       12      328       0
                text26                             135E     135E       26      328       0
                text25                             12EA     12EA       28      328       0
                text24                             1468     1468        8      328       0
                text23                             1460     1460        8      328       0
                text22                             1458     1458        8      328       0
                text21                             12C2     12C2       28      328       0
                text20                             126E     126E       2C      328       0
                text19                             141C     141C       18      328       0
                text18                             13CC     13CC       1E      328       0
                text17                              FC8      FC8       8E      328       0
                text16                              A48      A48      140      328       0
                text15                              B88      B88      10A      328       0
                text14                              C92      C92       EA      328       0
                text13                              F24      F24       A4      328       0
                text12                             1056     1056       88      328       0
                text11                             123A     123A       34      328       0
                text10                             1152     1152       62      328       0
                text9                               E5A      E5A       CA      328       0
                text8                               650      650      3F8      328       0
                text7                              11F8     11F8       42      328       0
                text6                              13EA     13EA       1A      328       0
                text5                              1338     1338       26      328       0
                text4                              1450     1450        8      328       0
                text3                              1404     1404       18      328       0
                text2                              1384     1384       24      328       0
                text1                              129A     129A       28      328       0
                text0                               D7C      D7C       DE      328       0
                cstackCOMRAM                          1        1       41        1       1
                bssBANK0                             80       80       64       80       1
                bssCOMRAM                            42       42       2C        1       1
                cinit                              1312     1312       26      328       0

TOTAL           Name                               Link     Load   Length     Space
        CLASS   CODE           
                intcodelo                            18       18       5A         0
                intcode                               8        8        6         0
                init                                 72       72        4         0
                reset_vec                             0        0        4         0
                text32                             13A8     13A8       24         0
                text31                             11B4     11B4       44         0
                intcode_body                       10DE     10DE       74         0
                text29                             1446     1446        A         0
                text27                             1434     1434       12         0
                text26                             135E     135E       26         0
                text25                             12EA     12EA       28         0
                text24                             1468     1468        8         0
                text23                             1460     1460        8         0
                text22                             1458     1458        8         0
                text21                             12C2     12C2       28         0
                text20                             126E     126E       2C         0
                text19                             141C     141C       18         0
                text18                             13CC     13CC       1E         0
                text17                              FC8      FC8       8E         0
                text16                              A48      A48      140         0
                text15                              B88      B88      10A         0
                text14                              C92      C92       EA         0
                text13                              F24      F24       A4         0
                text12                             1056     1056       88         0
                text11                             123A     123A       34         0
                text10                             1152     1152       62         0
                text9                               E5A      E5A       CA         0
                text8                               650      650      3F8         0
                text7                              11F8     11F8       42         0
                text6                              13EA     13EA       1A         0
                text5                              1338     1338       26         0
                text4                              1450     1450        8         0
                text3                              1404     1404       18         0
                text2                              1384     1384       24         0
                text1                              129A     129A       28         0
                text0                               D7C      D7C       DE         0
                cinit                              1312     1312       26         0

        CLASS   CONST          

        CLASS   SMALLCONST     
                smallconst                          600      600       50         0

        CLASS   MEDIUMCONST    

        CLASS   COMRAM         
                temp                                 6E       6E        1         1
                cstackCOMRAM                          1        1       41         1
                bssCOMRAM                            42       42       2C         1

        CLASS   ABS1           

        CLASS   BIGRAM         

        CLASS   RAM            

        CLASS   BANK0          
                bssBANK0                             80       80       64         1

        CLASS   BANK1          

        CLASS   BANK2          

        CLASS   BANK3          

        CLASS   BANK4          

        CLASS   BANK5          

        CLASS   SFR            

        CLASS   BIGSFR         

        CLASS   CONFIG         
                config                           300000   300000        E         4

        CLASS   IDLOC          
                idloc                            200000   200000        8         5

        CLASS   EEDATA         

        CLASS   FARRAM         

        CLASS   HEAP           

        CLASS   STACK          



SEGMENTS        Name                           Load    Length   Top    Selector   Space  Class

                reset_vec                      000000  000004  000004         0       0  CODE    
                cstackCOMRAM                   000001  00006E  00006F         1       1  COMRAM  
                intcode                        000008  000006  00000E         4       0  CODE    
                intcodelo                      000018  00005E  000076         C       0  CODE    
                bssBANK0                       000080  000064  0000E4        80       1  BANK0   
                smallconst                     000600  000050  000650       300       0  SMALLCON
                text8                          000650  000E20  001470       328       0  CODE    


UNUSED ADDRESS RANGES

        Name                Unused          Largest block    Delta
        BANK0            0000E4-0000FF               1C
        BANK1            000100-0001FF              100
        BANK2            000200-0002FF              100
        BANK3            000300-0003FF              100
        BANK4            000400-0004FF              100
        BANK5            000500-0005F3               F4
        BIGRAM           00006F-00007F               11
                         0000E4-0005F3              510
        BIGSFR           000F80-000F9B               1C
                         000F9D-000FD3               37
                         000FD5-000FDA                6
                         000FE0-000FE2                3
                         000FE8-000FEA                3
                         000FF0-000FFC                D
        CODE             000004-000007                4
                         00000E-000017                A
                         000076-0005FF              58A
                         001470-007DBF             6950
        COMRAM           00006F-00007F               11
        CONST            000004-000007                4
                         00000E-000017                A
                         000076-0005FF              58A
                         001470-007DBF             6950
        EEDATA           F00000-F000FF              100
        MEDIUMCONST      001470-007DBF             6950
        RAM              0000E4-0005F3              100
        SFR              000F80-000F9B               1C
                         000F9D-000FD3               37
                         000FD5-000FDA                6
                         000FE0-000FE2                3
                         000FE8-000FEA                3
                         000FF0-000FFC                D
        SMALLCONST       001470-007DBF              100

                                  Symbol Table

?___aldiv                      cstackCOMRAM 00000F
?___almod                      cstackCOMRAM 00000F
?___lldiv                      cstackCOMRAM 00000F
?___llmod                      cstackCOMRAM 00000F
?_abs                          cstackCOMRAM 000019
?_printf                       cstackCOMRAM 00002F
?_vfprintf                     cstackCOMRAM 00002A
Lo_ISR@value                   cstackCOMRAM 00000D
_ADCON0bits                    (abs)        000FC2
_ADCON1bits                    (abs)        000FC1
_ADCON2bits                    (abs)        000FC0
_ADRESH                        (abs)        000FC4
_ADRESL                        (abs)        000FC3
_BAUDCONbits                   (abs)        000FB8
_CREN                          (abs)        007D5C
_H_ISR                         intcode      000008
_INTCONbits                    (abs)        000FF2
_IPR1bits                      (abs)        000F9F
_Lo_ISR                        intcodelo    000018
_OSCCONbits                    (abs)        000FD3
_PIE1bits                      (abs)        000F9D
_PIR1bits                      (abs)        000F9E
_PORTBbits                     (abs)        000F81
_RCIF                          (abs)        007CF5
_RCONbits                      (abs)        000FD0
_RCREG                         (abs)        000FAE
_RCSTAbits                     (abs)        000FAB
_SPBRG                         (abs)        000FAF
_SPBRGH                        (abs)        000FB0
_SSPADD                        (abs)        000FC8
_SSPBUF                        (abs)        000FC9
_SSPCON1bits                   (abs)        000FC6
_SSPCON2                       (abs)        000FC5
_SSPCON2bits                   (abs)        000FC5
_SSPSTATbits                   (abs)        000FC7
_TRISAbits                     (abs)        000F92
_TRISB                         (abs)        000F93
_TRISCbits                     (abs)        000F94
_TXREG                         (abs)        000FAD
_TXSTAbits                     (abs)        000FAC
__HRAM                         (abs)        000000
__H__absolute__                __absolute__ 000000
__Habs1                        abs1         000000
__Hbank0                       bank0        000000
__Hbank1                       bank1        000000
__Hbank2                       bank2        000000
__Hbank3                       bank3        000000
__Hbank4                       bank4        000000
__Hbank5                       bank5        000000
__Hbigbss                      bigbss       000000
__Hbigdata                     bigdata      000000
__Hbigram                      bigram       000000
__Hbigsfr                      bigsfr       000000
__Hbss                         bss          000000
__HbssBANK0                    bssBANK0     000000
__HbssCOMRAM                   bssCOMRAM    000000
__Hcinit                       cinit        000000
__Hclrtext                     clrtext      000000
__Hcomram                      comram       000000
__Hconfig                      config       30000E
__Hconst                       const        000000
__HcstackCOMRAM                cstackCOMRAM 000000
__Hdata                        data         000000
__Heeprom_data                 eeprom_data  000000
__Hfarbss                      farbss       000000
__Hfardata                     fardata      000000
__Hheap                        heap         000000
__Hibigdata                    ibigdata     000000
__Hidata                       idata        000000
__Hidloc                       idloc        200008
__Hifardata                    ifardata     000000
__Hinit                        init         000076
__Hintcode                     intcode      00000E
__Hintcode_body                intcode_body 000000
__Hintcodelo                   intcodelo    000072
__Hintentry                    intentry     000000
__Hintret                      intret       000000
__Hintsave_regs                intsave_regs 000000
__Hirdata                      irdata       000000
__Hmediumconst                 mediumconst  000000
__HnvFARRAM                    nvFARRAM     000000
__Hnvbit                       nvbit        000000
__Hnvrram                      nvrram       000000
__Hparam                       rparam       000000
__Hpowerup                     powerup      000000
__Hram                         ram          000000
__Hramtop                      ramtop       000600
__Hrbit                        rbit         000000
__Hrbss                        rbss         000000
__Hrdata                       rdata        000000
__Hreset_vec                   reset_vec    000004
__Hrparam                      rparam       000000
__Hsfr                         sfr          000000
__Hsivt_hi                     sivt_hi      000000
__Hsivt_lo                     sivt_lo      000072
__Hsmallconst                  smallconst   000650
__Hspace_0                     (abs)        001470
__Hspace_1                     (abs)        0000E4
__Hspace_2                     (abs)        000000
__Hspace_4                     (abs)        60000E
__Hstack                       stack        000000
__Hstruct                      struct       000000
__Htemp                        temp         00006F
__Htext                        text         000000
__Htext0                       text0        000000
__Htext1                       text1        000000
__Htext10                      text10       000000
__Htext11                      text11       000000
__Htext12                      text12       000000
__Htext13                      text13       000000
__Htext14                      text14       000000
__Htext15                      text15       000000
__Htext16                      text16       000000
__Htext17                      text17       000000
__Htext18                      text18       000000
__Htext19                      text19       000000
__Htext2                       text2        000000
__Htext20                      text20       000000
__Htext21                      text21       000000
__Htext22                      text22       000000
__Htext23                      text23       000000
__Htext24                      text24       000000
__Htext25                      text25       000000
__Htext26                      text26       000000
__Htext27                      text27       000000
__Htext29                      text29       000000
__Htext3                       text3        000000
__Htext31                      text31       000000
__Htext32                      text32       000000
__Htext4                       text4        000000
__Htext5                       text5        000000
__Htext6                       text6        000000
__Htext7                       text7        000000
__Htext8                       text8        000000
__Htext9                       text9        000000
__LRAM                         (abs)        000001
__L__absolute__                __absolute__ 000000
__Labs1                        abs1         000000
__Lbank0                       bank0        000000
__Lbank1                       bank1        000000
__Lbank2                       bank2        000000
__Lbank3                       bank3        000000
__Lbank4                       bank4        000000
__Lbank5                       bank5        000000
__Lbigbss                      bigbss       000000
__Lbigdata                     bigdata      000000
__Lbigram                      bigram       000000
__Lbigsfr                      bigsfr       000000
__Lbss                         bss          000000
__LbssBANK0                    bssBANK0     000000
__LbssCOMRAM                   bssCOMRAM    000000
__Lcinit                       cinit        000000
__Lclrtext                     clrtext      000000
__Lcomram                      comram       000000
__Lconfig                      config       000000
__Lconst                       const        000000
__LcstackCOMRAM                cstackCOMRAM 000000
__Ldata                        data         000000
__Leeprom_data                 eeprom_data  000000
__Lfarbss                      farbss       000000
__Lfardata                     fardata      000000
__Lheap                        heap         000000
__Libigdata                    ibigdata     000000
__Lidata                       idata        000000
__Lidloc                       idloc        000000
__Lifardata                    ifardata     000000
__Linit                        init         000072
__Lintcode                     intcode      000008
__Lintcode_body                intcode_body 000000
__Lintcodelo                   intcodelo    000018
__Lintentry                    intentry     000000
__Lintret                      intret       000000
__Lintsave_regs                intsave_regs 000000
__Lirdata                      irdata       000000
__Lmediumconst                 mediumconst  000000
__LnvFARRAM                    nvFARRAM     000000
__Lnvbit                       nvbit        000000
__Lnvrram                      nvrram       000000
__Lparam                       rparam       000000
__Lpowerup                     powerup      000000
__Lram                         ram          000000
__Lramtop                      ramtop       000600
__Lrbit                        rbit         000000
__Lrbss                        rbss         000000
__Lrdata                       rdata        000000
__Lreset_vec                   reset_vec    000000
__Lrparam                      rparam       000000
__Lsfr                         sfr          000000
__Lsivt_hi                     sivt_hi      000000
__Lsivt_lo                     sivt_lo      000072
__Lsmallconst                  smallconst   000600
__Lspace_0                     (abs)        000000
__Lspace_1                     (abs)        000000
__Lspace_2                     (abs)        000000
__Lspace_4                     (abs)        000000
__Lstack                       stack        000000
__Lstruct                      struct       000000
__Ltemp                        temp         00006E
__Ltext                        text         000000
__Ltext0                       text0        000000
__Ltext1                       text1        000000
__Ltext10                      text10       000000
__Ltext11                      text11       000000
__Ltext12                      text12       000000
__Ltext13                      text13       000000
__Ltext14                      text14       000000
__Ltext15                      text15       000000
__Ltext16                      text16       000000
__Ltext17                      text17       000000
__Ltext18                      text18       000000
__Ltext19                      text19       000000
__Ltext2                       text2        000000
__Ltext20                      text20       000000
__Ltext21                      text21       000000
__Ltext22                      text22       000000
__Ltext23                      text23       000000
__Ltext24                      text24       000000
__Ltext25                      text25       000000
__Ltext26                      text26       000000
__Ltext27                      text27       000000
__Ltext29                      text29       000000
__Ltext3                       text3        000000
__Ltext31                      text31       000000
__Ltext32                      text32       000000
__Ltext4                       text4        000000
__Ltext5                       text5        000000
__Ltext6                       text6        000000
__Ltext7                       text7        000000
__Ltext8                       text8        000000
__Ltext9                       text9        000000
__S0                           (abs)        001470
__S1                           (abs)        0000E4
__S4                           (abs)        000000
__S5                           (abs)        000000
___aldiv                       text15       000B88
___aldiv@counter               cstackCOMRAM 000017
___aldiv@dividend              cstackCOMRAM 00000F
___aldiv@divisor               cstackCOMRAM 000013
___aldiv@quotient              cstackCOMRAM 000019
___aldiv@sign                  cstackCOMRAM 000018
___almod                       text14       000C92
___almod@counter               cstackCOMRAM 000017
___almod@dividend              cstackCOMRAM 00000F
___almod@divisor               cstackCOMRAM 000013
___almod@sign                  cstackCOMRAM 000018
___heap_hi                     (abs)        000000
___heap_lo                     (abs)        000000
___inthi_sp                    stack        000000
___inthi_stack_hi              stack        000000
___inthi_stack_lo              stack        000000
___intlo_sp                    stack        000000
___intlo_stack_hi              stack        000000
___intlo_stack_lo              stack        000000
___lldiv                       text13       000F24
___lldiv@counter               cstackCOMRAM 00001B
___lldiv@dividend              cstackCOMRAM 00000F
___lldiv@divisor               cstackCOMRAM 000013
___lldiv@quotient              cstackCOMRAM 000017
___llmod                       text12       001056
___llmod@counter               cstackCOMRAM 000017
___llmod@dividend              cstackCOMRAM 00000F
___llmod@divisor               cstackCOMRAM 000013
___param_bank                  (abs)        000000
___rparam_used                 (abs)        000001
___sp                          stack        000000
___stack_hi                    stack        000000
___stack_lo                    stack        000000
__accesstop                    (abs)        000080
__activetblptr                 (abs)        000002
__end_of_H_ISR                 intcode_body 001152
__end_of_Lo_ISR                intcodelo    000072
__end_of___aldiv               text15       000C92
__end_of___almod               text14       000D7C
__end_of___lldiv               text13       000FC8
__end_of___llmod               text12       0010DE
__end_of__initialization       cinit        00132A
__end_of_abs                   text11       00126E
__end_of_adc_changed           text29       001450
__end_of_adc_initialize        text5        00135E
__end_of_adc_start_conversion  text27       001446
__end_of_button_initialize     text4        001458
__end_of_button_pressed        text32       0013CC
__end_of_fputc                 text9        000F24
__end_of_i2c_initialize        text3        00141C
__end_of_i2c_is_idle           text26       001384
__end_of_i2c_read              text25       001312
__end_of_i2c_rep_start         text24       001470
__end_of_i2c_start             text23       001468
__end_of_i2c_stop              text22       001460
__end_of_i2c_write             text21       0012EA
__end_of_main                  text0        000E5A
__end_of_max30102_available    text19       001434
__end_of_max30102_initialize   text17       001056
__end_of_max30102_read_fifo    text16       000B88
__end_of_max30102_read_reg     text20       00129A
__end_of_max30102_write_reg    text18       0013EA
__end_of_printf                text6        001404
__end_of_putch                 text10       0011B4
__end_of_system_initialize     text1        0012C2
__end_of_uart_initialize       text2        0013A8
__end_of_uart_read             text31       0011F8
__end_of_vfpfcnvrt             text8        000A48
__end_of_vfprintf              text7        00123A
__initialization               cinit        001312
__mediumconst                  smallconst   000600
__pbssBANK0                    bssBANK0     000080
__pbssCOMRAM                   bssCOMRAM    000042
__pcinit                       cinit        001312
__pcstackCOMRAM                cstackCOMRAM 000001
__pintcode                     intcode      000008
__pintcode_body                intcode_body 0010DE
__pintcodelo                   intcodelo    000018
__psmallconst                  smallconst   000600
__ptext0                       text0        000D7C
__ptext1                       text1        00129A
__ptext10                      text10       001152
__ptext11                      text11       00123A
__ptext12                      text12       001056
__ptext13                      text13       000F24
__ptext14                      text14       000C92
__ptext15                      text15       000B88
__ptext16                      text16       000A48
__ptext17                      text17       000FC8
__ptext18                      text18       0013CC
__ptext19                      text19       00141C
__ptext2                       text2        001384
__ptext20                      text20       00126E
__ptext21                      text21       0012C2
__ptext22                      text22       001458
__ptext23                      text23       001460
__ptext24                      text24       001468
__ptext25                      text25       0012EA
__ptext26                      text26       00135E
__ptext27                      text27       001434
__ptext29                      text29       001446
__ptext3                       text3        001404
__ptext31                      text31       0011B4
__ptext32                      text32       0013A8
__ptext4                       text4        001450
__ptext5                       text5        001338
__ptext6                       text6        0013EA
__ptext7                       text7        0011F8
__ptext8                       text8        000650
__ptext9                       text9        000E5A
__ramtop                       ramtop       000600
__smallconst                   smallconst   000600
_abs                           text11       00123A
_adc_changed                   text29       001446
_adc_initialize                text5        001338
_adc_start_conversion          text27       001434
_alcohol                       bssCOMRAM    00006A
_btn_interr                    bssCOMRAM    00006D
_button_initialize             text4        001450
_button_pressed                text32       0013A8
_dbuf                          bssCOMRAM    000042
_flags                         bssCOMRAM    00006C
_fputc                         text9        000E5A
_i2c_initialize                text3        001404
_i2c_is_idle                   text26       00135E
_i2c_read                      text25       0012EA
_i2c_rep_start                 text24       001468
_i2c_start                     text23       001460
_i2c_stop                      text22       001458
_i2c_write                     text21       0012C2
_main                          text0        000D7C
_max30102_available            text19       00141C
_max30102_initialize           text17       000FC8
_max30102_read_fifo            text16       000A48
_max30102_read_reg             text20       00126E
_max30102_write_reg            text18       0013CC
_mode                          bssCOMRAM    000068
_prec                          bssCOMRAM    000064
_printf                        text6        0013EA
_putch                         text10       001152
_system_initialize             text1        00129A
_uart_buffer                   bssBANK0     000080
_uart_buffer_size              bssCOMRAM    000066
_uart_initialize               text2        001384
_uart_read                     text31       0011B4
_vfpfcnvrt                     text8        000650
_vfprintf                      text7        0011F8
_width                         bssCOMRAM    000062
abs@a                          cstackCOMRAM 000019
adc_changed@value              cstackCOMRAM 000006
btemp                          temp         00006E
end_of_initialization          cinit        00132A
fputc@c                        cstackCOMRAM 000010
fputc@fp                       cstackCOMRAM 000012
i2c_read@ack                   cstackCOMRAM 000010
i2c_read@recieve               cstackCOMRAM 000011
i2c_write@i2c_data             cstackCOMRAM 000010
int$flags                      temp         00006E
int_func                       intcode_body 0010DE
intlevel0                      text         000000
intlevel1                      text         000000
intlevel2                      text         000000
intlevel3                      text         000000
isa$std                        (abs)        000001
isa$xinst                      (abs)        000000
main@ir_val                    cstackCOMRAM 00003E
main@red_val                   cstackCOMRAM 000039
main@samples                   cstackCOMRAM 00003D
max30102_available@rd          cstackCOMRAM 000015
max30102_available@wr          cstackCOMRAM 000014
max30102_initialize@part_id    cstackCOMRAM 000015
max30102_read_fifo@ir          cstackCOMRAM 00001D
max30102_read_fifo@pun_ir_led  cstackCOMRAM 000013
max30102_read_fifo@pun_red_led cstackCOMRAM 000012
max30102_read_fifo@red         cstackCOMRAM 000019
max30102_read_reg@reg          cstackCOMRAM 000012
max30102_read_reg@val          cstackCOMRAM 000013
max30102_write_reg@reg         cstackCOMRAM 000012
max30102_write_reg@value       cstackCOMRAM 000011
printf@ap                      cstackCOMRAM 000036
printf@fmt                     cstackCOMRAM 00002F
putch@data                     cstackCOMRAM 00000F
stackhi                        (abs)        000000
stacklo                        (abs)        000000
start                          init         000072
start_initialization           cinit        001312
ttemp5                         temp         00006F
ttemp6                         temp         000072
ttemp7                         temp         000076
uart_read@data                 cstackCOMRAM 000002
vfpfcnvrt@ap                   cstackCOMRAM 000020
vfpfcnvrt@c                    cstackCOMRAM 000029
vfpfcnvrt@convarg              cstackCOMRAM 000025
vfpfcnvrt@cp                   cstackCOMRAM 000024
vfpfcnvrt@done                 cstackCOMRAM 000023
vfpfcnvrt@fmt                  cstackCOMRAM 00001F
vfpfcnvrt@fp                   cstackCOMRAM 00001D
vfprintf@ap                    cstackCOMRAM 00002D
vfprintf@cfmt                  cstackCOMRAM 00002E
vfprintf@fmt                   cstackCOMRAM 00002C
vfprintf@fp                    cstackCOMRAM 00002A
wtemp8                         temp         00006F


MODULE INFORMATION

Module		Function		Class		Link	Load	Size
C:\Program Files\Microchip\xc8\v3.00\pic\sources\c99\common\abs.c
		_abs           		CODE           	123A	0000	52

C:\Program Files\Microchip\xc8\v3.00\pic\sources\c99\common\abs.c estimated size: 52

C:\Program Files\Microchip\xc8\v3.00\pic\sources\c99\common\nf_fputc.c
		_fputc         		CODE           	0E5A	0000	202

C:\Program Files\Microchip\xc8\v3.00\pic\sources\c99\common\nf_fputc.c estimated size: 202

src/button.c
		_button_initialize		CODE           	1450	0000	8

src/button.c estimated size: 8

C:\Program Files\Microchip\xc8\v3.00\pic\sources\c99\common\printf.c
		_printf        		CODE           	13EA	0000	26

C:\Program Files\Microchip\xc8\v3.00\pic\sources\c99\common\printf.c estimated size: 26

src/i2c.c
		_i2c_initialize		CODE           	1404	0000	24
		_i2c_start     		CODE           	1460	0000	8
		_i2c_rep_start 		CODE           	1468	0000	8
		_i2c_write     		CODE           	12C2	0000	40
		_i2c_is_idle   		CODE           	135E	0000	38
		_i2c_stop      		CODE           	1458	0000	8
		_i2c_read      		CODE           	12EA	0000	40

src/i2c.c estimated size: 166

src/main.c
		_Lo_ISR        		CODE           	0018	0000	90
		_button_pressed		CODE           	13A8	0000	36
		_adc_changed   		CODE           	1446	0000	10
		_H_ISR         		CODE           	0008	0000	122
		_main          		CODE           	0D7C	0000	222
		_system_initialize		CODE           	129A	0000	40

src/main.c estimated size: 520

C:\Program Files\Microchip\xc8\v3.00\pic\sources\c99\common\llmod.c
		___llmod       		CODE           	1056	0000	136

C:\Program Files\Microchip\xc8\v3.00\pic\sources\c99\common\llmod.c estimated size: 136

C:\Program Files\Microchip\xc8\v3.00\pic\sources\c99\common\almod.c
		___almod       		CODE           	0C92	0000	234

C:\Program Files\Microchip\xc8\v3.00\pic\sources\c99\common\almod.c estimated size: 234

C:\Program Files\Microchip\xc8\v3.00\pic\sources\c99\common\__lldiv.c
		___lldiv       		CODE           	0F24	0000	164

C:\Program Files\Microchip\xc8\v3.00\pic\sources\c99\common\__lldiv.c estimated size: 164

shared
		__initialization		CODE           	1312	0000	24

shared estimated size: 24

src/adc.c
		_adc_start_conversion		CODE           	1434	0000	18
		_adc_initialize		CODE           	1338	0000	38

src/adc.c estimated size: 56

src/max30102.c
		_max30102_read_reg		CODE           	126E	0000	44
		_max30102_initialize		CODE           	0FC8	0000	142
		_max30102_available		CODE           	141C	0000	24
		_max30102_write_reg		CODE           	13CC	0000	30
		_max30102_read_fifo		CODE           	0A48	0000	320

src/max30102.c estimated size: 560

src/uart.c
		_putch         		CODE           	1152	0000	98
		_uart_read     		CODE           	11B4	0000	68
		_uart_initialize		CODE           	1384	0000	36

src/uart.c estimated size: 202

C:\Program Files\Microchip\xc8\v3.00\pic\sources\c99\common\aldiv.c
		___aldiv       		CODE           	0B88	0000	266

C:\Program Files\Microchip\xc8\v3.00\pic\sources\c99\common\aldiv.c estimated size: 266

C:\Program Files\Microchip\xc8\v3.00\pic\sources\c99\common\doprnt.c
		_vfpfcnvrt     		CODE           	0650	0000	1016
		_vfprintf      		CODE           	11F8	0000	66

C:\Program Files\Microchip\xc8\v3.00\pic\sources\c99\common\doprnt.c estimated size: 1082

